 INFO  Accepting connections at http://localhost:4173
 HTTP  29/05/2026 09:02:04 ::1 GET /
 HTTP  29/05/2026 09:02:04 ::1 Returned 200 in 29 ms
 HTTP  29/05/2026 09:02:10 ::1 GET /
 HTTP  29/05/2026 09:02:10 ::1 Returned 200 in 7 ms
 HTTP  29/05/2026 09:02:10 ::1 GET /_next/static/media/70bc3e132a0a741e-s.p.1409xf.ylxg8g.woff2
 HTTP  29/05/2026 09:02:10 ::1 GET /_next/static/media/83afe278b6a6bb3c-s.p.0q-301v4kxxnr.woff2
 HTTP  29/05/2026 09:02:10 ::1 GET /_next/static/chunks/0i9eq4ygg5v6i.css
 HTTP  29/05/2026 09:02:10 ::1 Returned 200 in 15 ms
 HTTP  29/05/2026 09:02:10 ::1 Returned 200 in 13 ms
 HTTP  29/05/2026 09:02:10 ::1 Returned 200 in 13 ms
 HTTP  29/05/2026 09:02:10 ::1 GET /logo.png
 HTTP  29/05/2026 09:02:10 ::1 GET /_next/static/chunks/045g~0~zva_mv.js
 HTTP  29/05/2026 09:02:10 ::1 GET /_next/static/chunks/0dgq26a5_oy.a.js
 HTTP  29/05/2026 09:02:10 ::1 GET /_next/static/chunks/0njj.aq0r8e06.js
 HTTP  29/05/2026 09:02:10 ::1 GET /_next/static/chunks/10u3y4bw1ayzs.js
 HTTP  29/05/2026 09:02:10 ::1 GET /_next/static/chunks/turbopack-07f-ebtj4v-88.js
 HTTP  29/05/2026 09:02:10 ::1 Returned 200 in 17 ms
 HTTP  29/05/2026 09:02:10 ::1 Returned 200 in 19 ms
 HTTP  29/05/2026 09:02:10 ::1 Returned 200 in 15 ms
 HTTP  29/05/2026 09:02:10 ::1 Returned 200 in 20 ms
 HTTP  29/05/2026 09:02:10 ::1 Returned 200 in 21 ms
 HTTP  29/05/2026 09:02:10 ::1 Returned 200 in 59 ms
 HTTP  29/05/2026 09:02:11 ::1 GET /_next/static/chunks/01xlw8hd842-c.js
 HTTP  29/05/2026 09:02:11 ::1 Returned 200 in 8 ms
 HTTP  29/05/2026 09:02:11 ::1 GET /_next/static/chunks/0d3shmwh5_nmn.js
 HTTP  29/05/2026 09:02:11 ::1 GET /_next/static/chunks/10in5aw-kpnw5.js
 HTTP  29/05/2026 09:02:11 ::1 Returned 200 in 8 ms
 HTTP  29/05/2026 09:02:11 ::1 Returned 200 in 8 ms
 HTTP  29/05/2026 09:02:11 ::1 HEAD /register/
 HTTP  29/05/2026 09:02:11 ::1 HEAD /feed/
 HTTP  29/05/2026 09:02:11 ::1 HEAD /login/
 HTTP  29/05/2026 09:02:11 ::1 Returned 200 in 8 ms
 HTTP  29/05/2026 09:02:11 ::1 Returned 200 in 6 ms
 HTTP  29/05/2026 09:02:11 ::1 Returned 200 in 11 ms
 HTTP  29/05/2026 09:02:11 ::1 GET /__next._head.txt?_rsc=7h4NYy5eoyMcNlUN
 HTTP  29/05/2026 09:02:11 ::1 GET /__next._index.txt?_rsc=yIp22O3xgPPxC28X
 HTTP  29/05/2026 09:02:11 ::1 GET /register/__next._tree.txt?_rsc=5CB68i4pnAekjehf
 HTTP  29/05/2026 09:02:11 ::1 Returned 200 in 6 ms
 HTTP  29/05/2026 09:02:11 ::1 Returned 200 in 6 ms
 HTTP  29/05/2026 09:02:11 ::1 Returned 200 in 5 ms
 HTTP  29/05/2026 09:02:11 ::1 GET /login/__next._tree.txt?_rsc=5CB68i4pnAekjehf
 HTTP  29/05/2026 09:02:11 ::1 GET /feed/__next._tree.txt?_rsc=5CB68i4pnAekjehf
 HTTP  29/05/2026 09:02:11 ::1 Returned 200 in 2 ms
 HTTP  29/05/2026 09:02:11 ::1 Returned 200 in 5 ms
 HTTP  29/05/2026 09:02:11 ::1 GET /register/__next._head.txt?_rsc=7h4NYy5eoyMcNlUN
 HTTP  29/05/2026 09:02:11 ::1 Returned 200 in 2 ms
 HTTP  29/05/2026 09:02:11 ::1 GET /register/__next.!KGF1dGgp.txt?_rsc=fGJn87jYv0bW619I
 HTTP  29/05/2026 09:02:11 ::1 GET /register/__next.!KGF1dGgp.register.txt?_rsc=bGGR2Yrv0BbdJE4l
 HTTP  29/05/2026 09:02:11 ::1 Returned 200 in 4 ms
 HTTP  29/05/2026 09:02:11 ::1 GET /register/__next.!KGF1dGgp.register.__PAGE__.txt?_rsc=u_bty1QrfRAXweeL
 HTTP  29/05/2026 09:02:11 ::1 Returned 404 in 8 ms
 HTTP  29/05/2026 09:02:11 ::1 Returned 404 in 4 ms
 HTTP  29/05/2026 09:02:11 ::1 GET /feed/__next._head.txt?_rsc=7h4NYy5eoyMcNlUN
 HTTP  29/05/2026 09:02:11 ::1 Returned 200 in 6 ms
 HTTP  29/05/2026 09:02:11 ::1 GET /feed/__next.feed.txt?_rsc=UMmEmLA7mxQXgvPk
 HTTP  29/05/2026 09:02:11 ::1 Returned 200 in 2 ms
 HTTP  29/05/2026 09:02:11 ::1 GET /feed/__next.feed.__PAGE__.txt?_rsc=15JqUpPayqBFLJzS
 HTTP  29/05/2026 09:02:11 ::1 GET /login/__next._head.txt?_rsc=7h4NYy5eoyMcNlUN
 HTTP  29/05/2026 09:02:11 ::1 Returned 404 in 5 ms
 HTTP  29/05/2026 09:02:11 ::1 Returned 200 in 5 ms
 HTTP  29/05/2026 09:02:11 ::1 GET /login/__next.!KGF1dGgp.login.txt?_rsc=nC3siu_m_4Fu2Aui
 HTTP  29/05/2026 09:02:11 ::1 Returned 404 in 3 ms
 HTTP  29/05/2026 09:02:11 ::1 GET /login/__next.!KGF1dGgp.login.__PAGE__.txt?_rsc=w7y6nB6E5Nueb3gD
 HTTP  29/05/2026 09:02:11 ::1 Returned 404 in 4 ms
 HTTP  29/05/2026 09:02:11 ::1 GET /__next.__PAGE__.txt?_rsc=8nTjltbQWvg6NcbE
 HTTP  29/05/2026 09:02:11 ::1 Returned 200 in 4 ms
 HTTP  29/05/2026 09:02:17 ::1 GET /
 HTTP  29/05/2026 09:02:17 ::1 Returned 304 in 4 ms
 HTTP  29/05/2026 09:02:17 ::1 GET /_next/static/chunks/0i9eq4ygg5v6i.css
 HTTP  29/05/2026 09:02:17 ::1 GET /_next/static/media/70bc3e132a0a741e-s.p.1409xf.ylxg8g.woff2
 HTTP  29/05/2026 09:02:17 ::1 GET /_next/static/media/83afe278b6a6bb3c-s.p.0q-301v4kxxnr.woff2
 HTTP  29/05/2026 09:02:17 ::1 Returned 304 in 25 ms
 HTTP  29/05/2026 09:02:17 ::1 Returned 304 in 12 ms
 HTTP  29/05/2026 09:02:17 ::1 Returned 304 in 8 ms
 HTTP  29/05/2026 09:02:17 ::1 GET /logo.png
 HTTP  29/05/2026 09:02:17 ::1 GET /_next/static/chunks/045g~0~zva_mv.js
 HTTP  29/05/2026 09:02:18 ::1 GET /_next/static/chunks/0dgq26a5_oy.a.js
 HTTP  29/05/2026 09:02:18 ::1 GET /_next/static/chunks/0njj.aq0r8e06.js
 HTTP  29/05/2026 09:02:18 ::1 GET /_next/static/chunks/turbopack-07f-ebtj4v-88.js
 HTTP  29/05/2026 09:02:18 ::1 GET /_next/static/chunks/10u3y4bw1ayzs.js
 HTTP  29/05/2026 09:02:17 ::1 Returned 304 in 453 ms
 HTTP  29/05/2026 09:02:17 ::1 Returned 304 in 392 ms
 HTTP  29/05/2026 09:02:18 ::1 Returned 304 in 366 ms
 HTTP  29/05/2026 09:02:18 ::1 Returned 304 in 311 ms
 HTTP  29/05/2026 09:02:18 ::1 Returned 304 in 278 ms
 HTTP  29/05/2026 09:02:18 ::1 Returned 304 in 273 ms
 HTTP  29/05/2026 09:02:18 ::1 GET /_next/static/chunks/01xlw8hd842-c.js
 HTTP  29/05/2026 09:02:18 ::1 GET /_next/static/chunks/0d3shmwh5_nmn.js
 HTTP  29/05/2026 09:02:18 ::1 GET /_next/static/chunks/10in5aw-kpnw5.js
 HTTP  29/05/2026 09:02:18 ::1 Returned 304 in 197 ms
 HTTP  29/05/2026 09:02:18 ::1 Returned 304 in 145 ms
 HTTP  29/05/2026 09:02:18 ::1 Returned 304 in 107 ms
 HTTP  29/05/2026 09:02:18 ::1 HEAD /register/
 HTTP  29/05/2026 09:02:18 ::1 HEAD /feed/
 HTTP  29/05/2026 09:02:19 ::1 HEAD /login/
 HTTP  29/05/2026 09:02:19 ::1 GET /__next._head.txt?_rsc=7h4NYy5eoyMcNlUN
 HTTP  29/05/2026 09:02:19 ::1 GET /__next._index.txt?_rsc=yIp22O3xgPPxC28X
 HTTP  29/05/2026 09:02:18 ::1 Returned 200 in 188 ms
 HTTP  29/05/2026 09:02:18 ::1 Returned 200 in 177 ms
 HTTP  29/05/2026 09:02:19 ::1 Returned 200 in 183 ms
 HTTP  29/05/2026 09:02:19 ::1 Returned 304 in 168 ms
 HTTP  29/05/2026 09:02:19 ::1 Returned 304 in 174 ms
 HTTP  29/05/2026 09:02:19 ::1 GET /__next.__PAGE__.txt?_rsc=8nTjltbQWvg6NcbE
 HTTP  29/05/2026 09:02:19 ::1 Returned 304 in 74 ms
 HTTP  29/05/2026 09:02:19 ::1 GET /register/__next._tree.txt?_rsc=5CB68i4pnAekjehf
 HTTP  29/05/2026 09:02:19 ::1 GET /login/__next._tree.txt?_rsc=5CB68i4pnAekjehf
 HTTP  29/05/2026 09:02:19 ::1 GET /feed/__next._tree.txt?_rsc=5CB68i4pnAekjehf
 HTTP  29/05/2026 09:02:19 ::1 Returned 304 in 115 ms
 HTTP  29/05/2026 09:02:19 ::1 Returned 304 in 121 ms
 HTTP  29/05/2026 09:02:19 ::1 Returned 304 in 128 ms
 HTTP  29/05/2026 09:02:20 ::1 GET /register/__next._head.txt?_rsc=7h4NYy5eoyMcNlUN
 HTTP  29/05/2026 09:02:20 ::1 GET /register/__next.!KGF1dGgp.txt?_rsc=fGJn87jYv0bW619I
 HTTP  29/05/2026 09:02:20 ::1 GET /register/__next.!KGF1dGgp.register.txt?_rsc=bGGR2Yrv0BbdJE4l
 HTTP  29/05/2026 09:02:20 ::1 GET /register/__next.!KGF1dGgp.register.__PAGE__.txt?_rsc=u_bty1QrfRAXweeL
 HTTP  29/05/2026 09:02:20 ::1 Returned 304 in 140 ms
 HTTP  29/05/2026 09:02:20 ::1 Returned 304 in 153 ms
 HTTP  29/05/2026 09:02:20 ::1 GET /feed/__next._head.txt?_rsc=7h4NYy5eoyMcNlUN
 HTTP  29/05/2026 09:02:20 ::1 Returned 304 in 31 ms
 HTTP  29/05/2026 09:02:20 ::1 Returned 404 in 209 ms
 HTTP  29/05/2026 09:02:20 ::1 Returned 404 in 199 ms
 HTTP  29/05/2026 09:02:20 ::1 GET /feed/__next.feed.txt?_rsc=UMmEmLA7mxQXgvPk
 HTTP  29/05/2026 09:02:20 ::1 GET /feed/__next.feed.__PAGE__.txt?_rsc=15JqUpPayqBFLJzS
 HTTP  29/05/2026 09:02:20 ::1 GET /login/__next._head.txt?_rsc=7h4NYy5eoyMcNlUN
 HTTP  29/05/2026 09:02:20 ::1 GET /login/__next.!KGF1dGgp.login.txt?_rsc=nC3siu_m_4Fu2Aui
 HTTP  29/05/2026 09:02:20 ::1 Returned 304 in 97 ms
 HTTP  29/05/2026 09:02:20 ::1 Returned 304 in 77 ms
 HTTP  29/05/2026 09:02:20 ::1 GET /login/__next.!KGF1dGgp.login.__PAGE__.txt?_rsc=w7y6nB6E5Nueb3gD
 HTTP  29/05/2026 09:02:20 ::1 Returned 404 in 236 ms
 HTTP  29/05/2026 09:02:20 ::1 Returned 404 in 247 ms
 HTTP  29/05/2026 09:02:20 ::1 Returned 404 in 225 ms
 HTTP  29/05/2026 09:04:27 ::1 GET /
 HTTP  29/05/2026 09:04:27 ::1 Returned 200 in 3 ms
 HTTP  29/05/2026 09:04:28 ::1 GET /_next/static/media/70bc3e132a0a741e-s.p.1409xf.ylxg8g.woff2
 HTTP  29/05/2026 09:04:28 ::1 GET /_next/static/media/83afe278b6a6bb3c-s.p.0q-301v4kxxnr.woff2
 HTTP  29/05/2026 09:04:28 ::1 GET /_next/static/chunks/0iouztfsb.4co.css
 HTTP  29/05/2026 09:04:28 ::1 Returned 304 in 9 ms
 HTTP  29/05/2026 09:04:28 ::1 Returned 304 in 8 ms
 HTTP  29/05/2026 09:04:28 ::1 Returned 200 in 6 ms
 HTTP  29/05/2026 09:04:28 ::1 GET /logo.png
 HTTP  29/05/2026 09:04:28 ::1 GET /_next/static/chunks/045g~0~zva_mv.js
 HTTP  29/05/2026 09:04:28 ::1 Returned 304 in 2 ms
 HTTP  29/05/2026 09:04:28 ::1 Returned 304 in 12 ms
 HTTP  29/05/2026 09:04:28 ::1 GET /_next/static/chunks/0dgq26a5_oy.a.js
 HTTP  29/05/2026 09:04:28 ::1 GET /_next/static/chunks/0njj.aq0r8e06.js
 HTTP  29/05/2026 09:04:28 ::1 GET /_next/static/chunks/10u3y4bw1ayzs.js
 HTTP  29/05/2026 09:04:28 ::1 GET /_next/static/chunks/turbopack-07f-ebtj4v-88.js
 HTTP  29/05/2026 09:04:28 ::1 GET /_next/static/chunks/01xlw8hd842-c.js
 HTTP  29/05/2026 09:04:28 ::1 Returned 304 in 13 ms
 HTTP  29/05/2026 09:04:28 ::1 Returned 304 in 12 ms
 HTTP  29/05/2026 09:04:28 ::1 Returned 304 in 9 ms
 HTTP  29/05/2026 09:04:28 ::1 Returned 304 in 20 ms
 HTTP  29/05/2026 09:04:28 ::1 Returned 304 in 20 ms
 HTTP  29/05/2026 09:04:28 ::1 GET /_next/static/chunks/0d3shmwh5_nmn.js
 HTTP  29/05/2026 09:04:28 ::1 Returned 304 in 3 ms
 HTTP  29/05/2026 09:04:28 ::1 GET /_next/static/chunks/10in5aw-kpnw5.js
 HTTP  29/05/2026 09:04:28 ::1 Returned 304 in 3 ms
 HTTP  29/05/2026 09:04:29 ::1 HEAD /register/
 HTTP  29/05/2026 09:04:29 ::1 HEAD /feed/
 HTTP  29/05/2026 09:04:29 ::1 HEAD /login/
 HTTP  29/05/2026 09:04:29 ::1 HEAD /settings/security/
 HTTP  29/05/2026 09:04:29 ::1 Returned 200 in 8 ms
 HTTP  29/05/2026 09:04:29 ::1 Returned 200 in 5 ms
 HTTP  29/05/2026 09:04:29 ::1 Returned 200 in 5 ms
 HTTP  29/05/2026 09:04:29 ::1 Returned 200 in 8 ms
 HTTP  29/05/2026 09:04:29 ::1 GET /register/__next._tree.txt?_rsc=5CB68i4pnAekjehf
 HTTP  29/05/2026 09:04:29 ::1 GET /settings/security/__next._tree.txt?_rsc=5CB68i4pnAekjehf
 HTTP  29/05/2026 09:04:29 ::1 GET /login/__next._tree.txt?_rsc=5CB68i4pnAekjehf
 HTTP  29/05/2026 09:04:29 ::1 GET /feed/__next._tree.txt?_rsc=5CB68i4pnAekjehf
 HTTP  29/05/2026 09:04:29 ::1 Returned 200 in 70 ms
 HTTP  29/05/2026 09:04:29 ::1 Returned 200 in 6 ms
 HTTP  29/05/2026 09:04:29 ::1 Returned 200 in 6 ms
 HTTP  29/05/2026 09:04:29 ::1 Returned 200 in 5 ms
 HTTP  29/05/2026 09:04:29 ::1 HEAD /explore/
 HTTP  29/05/2026 09:04:29 ::1 GET /register/__next._head.txt?_rsc=7h4NYy5eoyMcNlUN
 HTTP  29/05/2026 09:04:29 ::1 GET /register/__next._index.txt?_rsc=yIp22O3xgPPxC28X
 HTTP  29/05/2026 09:04:29 ::1 GET /register/__next.!KGF1dGgp.txt?_rsc=fGJn87jYv0bW619I
 HTTP  29/05/2026 09:04:29 ::1 Returned 200 in 79 ms
 HTTP  29/05/2026 09:04:29 ::1 Returned 200 in 5 ms
 HTTP  29/05/2026 09:04:29 ::1 Returned 200 in 6 ms
 HTTP  29/05/2026 09:04:29 ::1 Returned 200 in 6 ms
 HTTP  29/05/2026 09:04:29 ::1 GET /explore/__next._tree.txt?_rsc=5CB68i4pnAekjehf
 HTTP  29/05/2026 09:04:29 ::1 Returned 200 in 3 ms
 HTTP  29/05/2026 09:04:29 ::1 GET /register/__next.!KGF1dGgp.register.txt?_rsc=bGGR2Yrv0BbdJE4l
 HTTP  29/05/2026 09:04:29 ::1 GET /register/__next.!KGF1dGgp.register.__PAGE__.txt?_rsc=u_bty1QrfRAXweeL
 HTTP  29/05/2026 09:04:29 ::1 GET /feed/__next._head.txt?_rsc=7h4NYy5eoyMcNlUN
 HTTP  29/05/2026 09:04:29 ::1 GET /feed/__next.feed.txt?_rsc=UMmEmLA7mxQXgvPk
 HTTP  29/05/2026 09:04:29 ::1 Returned 200 in 3 ms
 HTTP  29/05/2026 09:04:29 ::1 Returned 200 in 4 ms
 HTTP  29/05/2026 09:04:29 ::1 Returned 404 in 8 ms
 HTTP  29/05/2026 09:04:29 ::1 Returned 404 in 10 ms
 HTTP  29/05/2026 09:04:29 ::1 GET /feed/__next.feed.__PAGE__.txt?_rsc=15JqUpPayqBFLJzS
 HTTP  29/05/2026 09:04:29 ::1 Returned 404 in 2 ms
 HTTP  29/05/2026 09:04:29 ::1 GET /login/__next._head.txt?_rsc=7h4NYy5eoyMcNlUN
 HTTP  29/05/2026 09:04:29 ::1 GET /login/__next.!KGF1dGgp.login.txt?_rsc=nC3siu_m_4Fu2Aui
 HTTP  29/05/2026 09:04:29 ::1 GET /login/__next.!KGF1dGgp.login.__PAGE__.txt?_rsc=w7y6nB6E5Nueb3gD
 HTTP  29/05/2026 09:04:29 ::1 Returned 200 in 4 ms
 HTTP  29/05/2026 09:04:29 ::1 Returned 404 in 4 ms
 HTTP  29/05/2026 09:04:29 ::1 Returned 404 in 4 ms
 HTTP  29/05/2026 09:04:29 ::1 GET /settings/security/__next._head.txt?_rsc=7h4NYy5eoyMcNlUN
 HTTP  29/05/2026 09:04:29 ::1 Returned 200 in 3 ms
 HTTP  29/05/2026 09:04:29 ::1 GET /settings/security/__next.settings.txt?_rsc=prFqFEkjx4kukZuv
 HTTP  29/05/2026 09:04:29 ::1 Returned 200 in 2 ms
 HTTP  29/05/2026 09:04:29 ::1 GET /settings/security/__next.settings.security.txt?_rsc=I6sGwkY-sizuibWP
 HTTP  29/05/2026 09:04:29 ::1 GET /settings/security/__next.settings.security.__PAGE__.txt?_rsc=QYNUb4tH0eviZRH8
 HTTP  29/05/2026 09:04:29 ::1 Returned 404 in 4 ms
 HTTP  29/05/2026 09:04:29 ::1 Returned 404 in 4 ms
 HTTP  29/05/2026 09:04:29 ::1 GET /explore/__next._head.txt?_rsc=7h4NYy5eoyMcNlUN
 HTTP  29/05/2026 09:04:29 ::1 Returned 200 in 2 ms
 HTTP  29/05/2026 09:04:29 ::1 GET /explore/__next.explore.txt?_rsc=G6V4FdO5DFPYYwEd
 HTTP  29/05/2026 09:04:29 ::1 Returned 200 in 2 ms
 HTTP  29/05/2026 09:04:29 ::1 GET /explore/__next.explore.__PAGE__.txt?_rsc=y5uIUfDQA6olE3D1
 HTTP  29/05/2026 09:04:29 ::1 Returned 404 in 2 ms
 HTTP  29/05/2026 09:04:29 ::1 GET /__next._head.txt?_rsc=7h4NYy5eoyMcNlUN
 HTTP  29/05/2026 09:04:29 ::1 Returned 200 in 2 ms
 HTTP  29/05/2026 09:04:29 ::1 GET /__next.__PAGE__.txt?_rsc=8nTjltbQWvg6NcbE
 HTTP  29/05/2026 09:04:29 ::1 Returned 200 in 3 ms
 HTTP  29/05/2026 09:05:02 ::1 GET /feed/
 HTTP  29/05/2026 09:05:02 ::1 Returned 200 in 11 ms
 HTTP  29/05/2026 09:05:02 ::1 GET /_next/static/media/70bc3e132a0a741e-s.p.1409xf.ylxg8g.woff2
 HTTP  29/05/2026 09:05:02 ::1 GET /_next/static/media/83afe278b6a6bb3c-s.p.0q-301v4kxxnr.woff2
 HTTP  29/05/2026 09:05:02 ::1 GET /_next/static/chunks/0iouztfsb.4co.css
 HTTP  29/05/2026 09:05:02 ::1 GET /logo.png
 HTTP  29/05/2026 09:05:02 ::1 GET /_next/static/chunks/045g~0~zva_mv.js
 HTTP  29/05/2026 09:05:02 ::1 GET /_next/static/chunks/0dgq26a5_oy.a.js
 HTTP  29/05/2026 09:05:02 ::1 Returned 200 in 37 ms
 HTTP  29/05/2026 09:05:02 ::1 Returned 200 in 33 ms
 HTTP  29/05/2026 09:05:02 ::1 Returned 200 in 34 ms
 HTTP  29/05/2026 09:05:02 ::1 Returned 200 in 33 ms
 HTTP  29/05/2026 09:05:02 ::1 Returned 200 in 33 ms
 HTTP  29/05/2026 09:05:02 ::1 Returned 200 in 30 ms
 HTTP  29/05/2026 09:05:02 ::1 GET /_next/static/chunks/0njj.aq0r8e06.js
 HTTP  29/05/2026 09:05:02 ::1 Returned 200 in 4 ms
 HTTP  29/05/2026 09:05:02 ::1 GET /_next/static/chunks/10u3y4bw1ayzs.js
 HTTP  29/05/2026 09:05:02 ::1 Returned 200 in 2 ms
 HTTP  29/05/2026 09:05:02 ::1 GET /_next/static/chunks/turbopack-07f-ebtj4v-88.js
 HTTP  29/05/2026 09:05:02 ::1 GET /_next/static/chunks/01xlw8hd842-c.js
 HTTP  29/05/2026 09:05:02 ::1 Returned 200 in 4 ms
 HTTP  29/05/2026 09:05:02 ::1 GET /_next/static/chunks/0d3shmwh5_nmn.js
 HTTP  29/05/2026 09:05:02 ::1 Returned 200 in 5 ms
 HTTP  29/05/2026 09:05:02 ::1 Returned 200 in 4 ms
 HTTP  29/05/2026 09:05:02 ::1 GET /_next/static/chunks/09ojschgd~.mb.js
 HTTP  29/05/2026 09:05:02 ::1 Returned 200 in 3 ms
 HTTP  29/05/2026 09:05:02 ::1 GET /_next/static/chunks/0zrck4e2~d~8e.js
 HTTP  29/05/2026 09:05:02 ::1 Returned 200 in 3 ms
 HTTP  29/05/2026 09:05:02 ::1 GET /logo.png
 HTTP  29/05/2026 09:05:02 ::1 Returned 304 in 2 ms
 HTTP  29/05/2026 09:05:02 ::1 GET /favicon.ico?favicon.0x3dzn~oxb6tn.ico
 HTTP  29/05/2026 09:05:02 ::1 Returned 200 in 2 ms
 HTTP  29/05/2026 09:05:02 ::1 HEAD /explore/
 HTTP  29/05/2026 09:05:02 ::1 Returned 200 in 2 ms
 HTTP  29/05/2026 09:05:02 ::1 HEAD /settings/
 HTTP  29/05/2026 09:05:02 ::1 HEAD /messages/
 HTTP  29/05/2026 09:05:02 ::1 HEAD /notifications/
 HTTP  29/05/2026 09:05:02 ::1 Returned 200 in 4 ms
 HTTP  29/05/2026 09:05:02 ::1 Returned 200 in 4 ms
 HTTP  29/05/2026 09:05:02 ::1 Returned 200 in 6 ms
 HTTP  29/05/2026 09:05:02 ::1 GET /explore/__next._tree.txt?_rsc=HtJZfaS72l2LYOU4
 HTTP  29/05/2026 09:05:02 ::1 GET /settings/__next._tree.txt?_rsc=HtJZfaS72l2LYOU4
 HTTP  29/05/2026 09:05:02 ::1 GET /messages/__next._tree.txt?_rsc=HtJZfaS72l2LYOU4
 HTTP  29/05/2026 09:05:02 ::1 Returned 200 in 3 ms
 HTTP  29/05/2026 09:05:02 ::1 GET /notifications/__next._tree.txt?_rsc=HtJZfaS72l2LYOU4
 HTTP  29/05/2026 09:05:02 ::1 Returned 200 in 6 ms
 HTTP  29/05/2026 09:05:02 ::1 Returned 200 in 6 ms
 HTTP  29/05/2026 09:05:02 ::1 Returned 200 in 5 ms
 HTTP  29/05/2026 09:05:02 ::1 HEAD /
 HTTP  29/05/2026 09:05:02 ::1 Returned 200 in 2 ms
 HTTP  29/05/2026 09:05:02 ::1 GET /explore/__next._head.txt?_rsc=lRvsO34-ir1JPxWG
 HTTP  29/05/2026 09:05:02 ::1 GET /explore/__next._index.txt?_rsc=lpRBeKi2p8LVG_Tl
 HTTP  29/05/2026 09:05:02 ::1 Returned 200 in 2 ms
 HTTP  29/05/2026 09:05:02 ::1 GET /explore/__next.explore.txt?_rsc=wpesesTW3acplNsA
 HTTP  29/05/2026 09:05:02 ::1 GET /__next._tree.txt?_rsc=HtJZfaS72l2LYOU4
 HTTP  29/05/2026 09:05:02 ::1 Returned 200 in 2 ms
 HTTP  29/05/2026 09:05:02 ::1 Returned 200 in 5 ms
 HTTP  29/05/2026 09:05:02 ::1 Returned 200 in 4 ms
 HTTP  29/05/2026 09:05:02 ::1 GET /explore/__next.explore.__PAGE__.txt?_rsc=fZiDm5o8jPa9_CDf
 HTTP  29/05/2026 09:05:02 ::1 Returned 404 in 4 ms
 HTTP  29/05/2026 09:05:02 ::1 GET /settings/__next._head.txt?_rsc=lRvsO34-ir1JPxWG
 HTTP  29/05/2026 09:05:02 ::1 Returned 200 in 5 ms
 HTTP  29/05/2026 09:05:02 ::1 GET /settings/__next.settings.txt?_rsc=inPrx42KFQK9Nk_J
 HTTP  29/05/2026 09:05:02 ::1 GET /settings/__next.settings.__PAGE__.txt?_rsc=nob_XKw8eV00q2MJ
 HTTP  29/05/2026 09:05:02 ::1 Returned 200 in 4 ms
 HTTP  29/05/2026 09:05:02 ::1 GET /messages/__next._head.txt?_rsc=lRvsO34-ir1JPxWG
 HTTP  29/05/2026 09:05:02 ::1 Returned 404 in 7 ms
 HTTP  29/05/2026 09:05:02 ::1 GET /messages/__next.messages.txt?_rsc=utlfIbvEOys8cTfq
 HTTP  29/05/2026 09:05:02 ::1 Returned 200 in 6 ms
 HTTP  29/05/2026 09:05:02 ::1 GET /messages/__next.messages.__PAGE__.txt?_rsc=KEZay2udyDu9KoyW
 HTTP  29/05/2026 09:05:02 ::1 Returned 200 in 5 ms
 HTTP  29/05/2026 09:05:02 ::1 GET /notifications/__next._head.txt?_rsc=lRvsO34-ir1JPxWG
 HTTP  29/05/2026 09:05:02 ::1 Returned 404 in 6 ms
 HTTP  29/05/2026 09:05:02 ::1 Returned 200 in 6 ms
 HTTP  29/05/2026 09:05:02 ::1 GET /notifications/__next.notifications.txt?_rsc=AwxITcdwGjlx-xVz
 HTTP  29/05/2026 09:05:02 ::1 GET /notifications/__next.notifications.__PAGE__.txt?_rsc=gOEi4OMKTkUYauWN
 HTTP  29/05/2026 09:05:02 ::1 Returned 200 in 4 ms
 HTTP  29/05/2026 09:05:02 ::1 Returned 404 in 5 ms
 HTTP  29/05/2026 09:05:02 ::1 GET /feed/__next._head.txt?_rsc=lRvsO34-ir1JPxWG
 HTTP  29/05/2026 09:05:02 ::1 Returned 200 in 1 ms
 HTTP  29/05/2026 09:05:02 ::1 GET /feed/__next.feed.txt?_rsc=4q6IIuGrV4EyZNfP
 HTTP  29/05/2026 09:05:02 ::1 GET /feed/__next.feed.__PAGE__.txt?_rsc=mq8Qexo8__kC0yYy
 HTTP  29/05/2026 09:05:02 ::1 Returned 200 in 3 ms
 HTTP  29/05/2026 09:05:02 ::1 GET /__next._head.txt?_rsc=lRvsO34-ir1JPxWG
 HTTP  29/05/2026 09:05:02 ::1 Returned 200 in 3 ms
 HTTP  29/05/2026 09:05:02 ::1 Returned 404 in 9 ms
 HTTP  29/05/2026 09:05:02 ::1 GET /__next.__PAGE__.txt?_rsc=U3VpbA1haz5ydo8L
 HTTP  29/05/2026 09:05:02 ::1 Returned 200 in 1 ms
 HTTP  29/05/2026 09:05:02 ::1 GET /_next/static/chunks/10in5aw-kpnw5.js
 HTTP  29/05/2026 09:05:02 ::1 Returned 200 in 2 ms
 HTTP  29/05/2026 09:05:03 ::1 GET /feed/
 HTTP  29/05/2026 09:05:03 ::1 Returned 200 in 9 ms
 HTTP  29/05/2026 09:05:03 ::1 GET /_next/static/media/70bc3e132a0a741e-s.p.1409xf.ylxg8g.woff2
 HTTP  29/05/2026 09:05:03 ::1 GET /_next/static/media/83afe278b6a6bb3c-s.p.0q-301v4kxxnr.woff2
 HTTP  29/05/2026 09:05:03 ::1 GET /_next/static/chunks/0iouztfsb.4co.css
 HTTP  29/05/2026 09:05:03 ::1 Returned 200 in 22 ms
 HTTP  29/05/2026 09:05:03 ::1 Returned 200 in 24 ms
 HTTP  29/05/2026 09:05:03 ::1 GET /logo.png
 HTTP  29/05/2026 09:05:03 ::1 GET /_next/static/chunks/045g~0~zva_mv.js
 HTTP  29/05/2026 09:05:03 ::1 GET /_next/static/chunks/0dgq26a5_oy.a.js
 HTTP  29/05/2026 09:05:03 ::1 Returned 200 in 41 ms
 HTTP  29/05/2026 09:05:03 ::1 Returned 200 in 21 ms
 HTTP  29/05/2026 09:05:03 ::1 Returned 200 in 19 ms
 HTTP  29/05/2026 09:05:03 ::1 Returned 200 in 21 ms
 HTTP  29/05/2026 09:05:03 ::1 GET /_next/static/chunks/0njj.aq0r8e06.js
 HTTP  29/05/2026 09:05:03 ::1 GET /_next/static/chunks/10u3y4bw1ayzs.js
 HTTP  29/05/2026 09:05:03 ::1 Returned 200 in 4 ms
 HTTP  29/05/2026 09:05:03 ::1 Returned 200 in 4 ms
 HTTP  29/05/2026 09:05:03 ::1 GET /_next/static/chunks/turbopack-07f-ebtj4v-88.js
 HTTP  29/05/2026 09:05:03 ::1 Returned 200 in 6 ms
 HTTP  29/05/2026 09:05:03 ::1 GET /_next/static/chunks/01xlw8hd842-c.js
 HTTP  29/05/2026 09:05:03 ::1 Returned 200 in 4 ms
 HTTP  29/05/2026 09:05:03 ::1 GET /_next/static/chunks/0d3shmwh5_nmn.js
 HTTP  29/05/2026 09:05:03 ::1 Returned 200 in 2 ms
 HTTP  29/05/2026 09:05:03 ::1 GET /_next/static/chunks/09ojschgd~.mb.js
 HTTP  29/05/2026 09:05:03 ::1 Returned 200 in 5 ms
 HTTP  29/05/2026 09:05:03 ::1 GET /_next/static/chunks/0zrck4e2~d~8e.js
 HTTP  29/05/2026 09:05:03 ::1 Returned 200 in 2 ms
 HTTP  29/05/2026 09:05:03 ::1 GET /logo.png
 HTTP  29/05/2026 09:05:03 ::1 Returned 304 in 3 ms
 HTTP  29/05/2026 09:05:04 ::1 GET /favicon.ico?favicon.0x3dzn~oxb6tn.ico
 HTTP  29/05/2026 09:05:04 ::1 Returned 200 in 2 ms
 HTTP  29/05/2026 09:05:04 ::1 HEAD /settings/
 HTTP  29/05/2026 09:05:04 ::1 HEAD /messages/
 HTTP  29/05/2026 09:05:04 ::1 HEAD /notifications/
 HTTP  29/05/2026 09:05:04 ::1 HEAD /explore/
 HTTP  29/05/2026 09:05:04 ::1 Returned 200 in 5 ms
 HTTP  29/05/2026 09:05:04 ::1 Returned 200 in 4 ms
 HTTP  29/05/2026 09:05:04 ::1 Returned 200 in 4 ms
 HTTP  29/05/2026 09:05:04 ::1 Returned 200 in 5 ms
 HTTP  29/05/2026 09:05:04 ::1 GET /settings/__next._tree.txt?_rsc=HtJZfaS72l2LYOU4
 HTTP  29/05/2026 09:05:04 ::1 Returned 200 in 2 ms
 HTTP  29/05/2026 09:05:04 ::1 GET /messages/__next._tree.txt?_rsc=HtJZfaS72l2LYOU4
 HTTP  29/05/2026 09:05:04 ::1 GET /notifications/__next._tree.txt?_rsc=HtJZfaS72l2LYOU4
 HTTP  29/05/2026 09:05:04 ::1 Returned 200 in 3 ms
 HTTP  29/05/2026 09:05:04 ::1 GET /explore/__next._tree.txt?_rsc=HtJZfaS72l2LYOU4
 HTTP  29/05/2026 09:05:04 ::1 Returned 200 in 5 ms
 HTTP  29/05/2026 09:05:04 ::1 Returned 200 in 4 ms
 HTTP  29/05/2026 09:05:04 ::1 GET /settings/__next._head.txt?_rsc=lRvsO34-ir1JPxWG
 HTTP  29/05/2026 09:05:04 ::1 GET /settings/__next._index.txt?_rsc=lpRBeKi2p8LVG_Tl
 HTTP  29/05/2026 09:05:04 ::1 Returned 200 in 3 ms
 HTTP  29/05/2026 09:05:04 ::1 GET /settings/__next.settings.txt?_rsc=inPrx42KFQK9Nk_J
 HTTP  29/05/2026 09:05:04 ::1 GET /settings/__next.settings.__PAGE__.txt?_rsc=nob_XKw8eV00q2MJ
 HTTP  29/05/2026 09:05:04 ::1 Returned 200 in 4 ms
 HTTP  29/05/2026 09:05:04 ::1 Returned 200 in 8 ms
 HTTP  29/05/2026 09:05:04 ::1 Returned 404 in 6 ms
 HTTP  29/05/2026 09:06:24 ::1 GET /feed/
 HTTP  29/05/2026 09:06:24 ::1 Returned 200 in 12 ms
 HTTP  29/05/2026 09:06:24 ::1 GET /_next/static/media/70bc3e132a0a741e-s.p.1409xf.ylxg8g.woff2
 HTTP  29/05/2026 09:06:24 ::1 GET /_next/static/media/83afe278b6a6bb3c-s.p.0q-301v4kxxnr.woff2
 HTTP  29/05/2026 09:06:24 ::1 GET /_next/static/chunks/0410p2zrh8sp0.css
 HTTP  29/05/2026 09:06:24 ::1 GET /logo.png
 HTTP  29/05/2026 09:06:24 ::1 GET /_next/static/chunks/045g~0~zva_mv.js
 HTTP  29/05/2026 09:06:24 ::1 GET /_next/static/chunks/0dgq26a5_oy.a.js
 HTTP  29/05/2026 09:06:24 ::1 Returned 200 in 16 ms
 HTTP  29/05/2026 09:06:24 ::1 Returned 200 in 34 ms
 HTTP  29/05/2026 09:06:24 ::1 Returned 200 in 37 ms
 HTTP  29/05/2026 09:06:24 ::1 Returned 200 in 39 ms
 HTTP  29/05/2026 09:06:24 ::1 Returned 200 in 32 ms
 HTTP  29/05/2026 09:06:24 ::1 Returned 200 in 32 ms
 HTTP  29/05/2026 09:06:25 ::1 GET /_next/static/chunks/0njj.aq0r8e06.js
 HTTP  29/05/2026 09:06:25 ::1 GET /_next/static/chunks/10u3y4bw1ayzs.js
 HTTP  29/05/2026 09:06:25 ::1 Returned 200 in 14 ms
 HTTP  29/05/2026 09:06:25 ::1 GET /_next/static/chunks/turbopack-07f-ebtj4v-88.js
 HTTP  29/05/2026 09:06:25 ::1 Returned 200 in 16 ms
 HTTP  29/05/2026 09:06:25 ::1 GET /_next/static/chunks/01xlw8hd842-c.js
 HTTP  29/05/2026 09:06:25 ::1 GET /_next/static/chunks/0d3shmwh5_nmn.js
 HTTP  29/05/2026 09:06:25 ::1 Returned 200 in 21 ms
 HTTP  29/05/2026 09:06:25 ::1 Returned 200 in 13 ms
 HTTP  29/05/2026 09:06:25 ::1 Returned 200 in 10 ms
 HTTP  29/05/2026 09:06:25 ::1 GET /_next/static/chunks/0h0ki4jf5nte_.js
 HTTP  29/05/2026 09:06:25 ::1 Returned 200 in 4 ms
 HTTP  29/05/2026 09:06:25 ::1 GET /_next/static/chunks/0zrck4e2~d~8e.js
 HTTP  29/05/2026 09:06:25 ::1 Returned 200 in 5 ms
 HTTP  29/05/2026 09:06:25 ::1 GET /logo.png
 HTTP  29/05/2026 09:06:25 ::1 Returned 304 in 2 ms
 HTTP  29/05/2026 09:06:59 ::1 GET /feed/?v=2
 HTTP  29/05/2026 09:06:59 ::1 Returned 200 in 2 ms
 HTTP  29/05/2026 09:06:59 ::1 GET /_next/static/media/70bc3e132a0a741e-s.p.1409xf.ylxg8g.woff2
 HTTP  29/05/2026 09:06:59 ::1 GET /_next/static/media/83afe278b6a6bb3c-s.p.0q-301v4kxxnr.woff2
 HTTP  29/05/2026 09:06:59 ::1 GET /_next/static/chunks/0410p2zrh8sp0.css
 HTTP  29/05/2026 09:06:59 ::1 GET /logo.png
 HTTP  29/05/2026 09:06:59 ::1 Returned 200 in 22 ms
 HTTP  29/05/2026 09:06:59 ::1 Returned 200 in 23 ms
 HTTP  29/05/2026 09:06:59 ::1 Returned 200 in 26 ms
 HTTP  29/05/2026 09:06:59 ::1 Returned 200 in 19 ms
 HTTP  29/05/2026 09:06:59 ::1 GET /_next/static/chunks/045g~0~zva_mv.js
 HTTP  29/05/2026 09:06:59 ::1 GET /_next/static/chunks/0dgq26a5_oy.a.js
 HTTP  29/05/2026 09:06:59 ::1 Returned 200 in 7 ms
 HTTP  29/05/2026 09:06:59 ::1 Returned 200 in 6 ms
 HTTP  29/05/2026 09:06:59 ::1 GET /_next/static/chunks/0njj.aq0r8e06.js
 HTTP  29/05/2026 09:06:59 ::1 Returned 200 in 6 ms
 HTTP  29/05/2026 09:06:59 ::1 GET /_next/static/chunks/10u3y4bw1ayzs.js
 HTTP  29/05/2026 09:06:59 ::1 Returned 200 in 1 ms
 HTTP  29/05/2026 09:06:59 ::1 GET /_next/static/chunks/turbopack-07f-ebtj4v-88.js
 HTTP  29/05/2026 09:06:59 ::1 GET /_next/static/chunks/01xlw8hd842-c.js
 HTTP  29/05/2026 09:06:59 ::1 Returned 200 in 3 ms
 HTTP  29/05/2026 09:06:59 ::1 GET /_next/static/chunks/0d3shmwh5_nmn.js
 HTTP  29/05/2026 09:06:59 ::1 Returned 200 in 4 ms
 HTTP  29/05/2026 09:06:59 ::1 Returned 200 in 3 ms
 HTTP  29/05/2026 09:06:59 ::1 GET /_next/static/chunks/0h0ki4jf5nte_.js
 HTTP  29/05/2026 09:06:59 ::1 Returned 200 in 1 ms
 HTTP  29/05/2026 09:06:59 ::1 GET /_next/static/chunks/0zrck4e2~d~8e.js
 HTTP  29/05/2026 09:06:59 ::1 Returned 200 in 2 ms
 HTTP  29/05/2026 09:06:59 ::1 GET /logo.png
 HTTP  29/05/2026 09:06:59 ::1 Returned 304 in 2 ms
 HTTP  29/05/2026 09:07:00 ::1 GET /favicon.ico?favicon.0x3dzn~oxb6tn.ico
 HTTP  29/05/2026 09:07:00 ::1 Returned 200 in 2 ms
 HTTP  29/05/2026 09:07:00 ::1 HEAD /settings/
 HTTP  29/05/2026 09:07:00 ::1 HEAD /messages/
 HTTP  29/05/2026 09:07:00 ::1 HEAD /notifications/
 HTTP  29/05/2026 09:07:00 ::1 HEAD /explore/
 HTTP  29/05/2026 09:07:00 ::1 Returned 200 in 7 ms
 HTTP  29/05/2026 09:07:00 ::1 Returned 200 in 6 ms
 HTTP  29/05/2026 09:07:00 ::1 Returned 200 in 5 ms
 HTTP  29/05/2026 09:07:00 ::1 Returned 200 in 5 ms
 HTTP  29/05/2026 09:07:00 ::1 GET /settings/__next._tree.txt?_rsc=HtJZfaS72l2LYOU4
 HTTP  29/05/2026 09:07:00 ::1 Returned 200 in 2 ms
 HTTP  29/05/2026 09:07:00 ::1 GET /messages/__next._tree.txt?_rsc=HtJZfaS72l2LYOU4
 HTTP  29/05/2026 09:07:00 ::1 GET /notifications/__next._tree.txt?_rsc=HtJZfaS72l2LYOU4
 HTTP  29/05/2026 09:07:00 ::1 GET /explore/__next._tree.txt?_rsc=HtJZfaS72l2LYOU4
 HTTP  29/05/2026 09:07:00 ::1 Returned 200 in 5 ms
 HTTP  29/05/2026 09:07:00 ::1 Returned 200 in 6 ms
 HTTP  29/05/2026 09:07:00 ::1 Returned 200 in 7 ms
 HTTP  29/05/2026 09:07:00 ::1 GET /settings/__next._head.txt?_rsc=lRvsO34-ir1JPxWG
 HTTP  29/05/2026 09:07:00 ::1 GET /settings/__next._index.txt?_rsc=lpRBeKi2p8LVG_Tl
 HTTP  29/05/2026 09:07:00 ::1 Returned 200 in 4 ms
 HTTP  29/05/2026 09:07:00 ::1 Returned 200 in 4 ms
 HTTP  29/05/2026 09:07:00 ::1 GET /settings/__next.settings.txt?_rsc=inPrx42KFQK9Nk_J
 HTTP  29/05/2026 09:07:00 ::1 Returned 200 in 9 ms
 HTTP  29/05/2026 09:08:15 ::1 GET /feed/?v=3
 HTTP  29/05/2026 09:08:15 ::1 Returned 200 in 6 ms
 HTTP  29/05/2026 09:08:15 ::1 GET /_next/static/media/70bc3e132a0a741e-s.p.1409xf.ylxg8g.woff2
 HTTP  29/05/2026 09:08:15 ::1 GET /_next/static/media/83afe278b6a6bb3c-s.p.0q-301v4kxxnr.woff2
 HTTP  29/05/2026 09:08:15 ::1 GET /_next/static/chunks/0410p2zrh8sp0.css
 HTTP  29/05/2026 09:08:15 ::1 GET /logo.png
 HTTP  29/05/2026 09:08:15 ::1 GET /_next/static/chunks/045g~0~zva_mv.js
 HTTP  29/05/2026 09:08:15 ::1 GET /_next/static/chunks/0dgq26a5_oy.a.js
 HTTP  29/05/2026 09:08:15 ::1 Returned 200 in 13 ms
 HTTP  29/05/2026 09:08:15 ::1 Returned 200 in 29 ms
 HTTP  29/05/2026 09:08:15 ::1 Returned 200 in 30 ms
 HTTP  29/05/2026 09:08:15 ::1 Returned 200 in 28 ms
 HTTP  29/05/2026 09:08:15 ::1 Returned 200 in 20 ms
 HTTP  29/05/2026 09:08:15 ::1 Returned 200 in 18 ms
 HTTP  29/05/2026 09:08:15 ::1 GET /_next/static/chunks/0njj.aq0r8e06.js
 HTTP  29/05/2026 09:08:15 ::1 GET /_next/static/chunks/10u3y4bw1ayzs.js
 HTTP  29/05/2026 09:08:15 ::1 Returned 200 in 7 ms
 HTTP  29/05/2026 09:08:15 ::1 GET /_next/static/chunks/turbopack-07f-ebtj4v-88.js
 HTTP  29/05/2026 09:08:15 ::1 Returned 200 in 10 ms
 HTTP  29/05/2026 09:08:15 ::1 GET /_next/static/chunks/01xlw8hd842-c.js
 HTTP  29/05/2026 09:08:15 ::1 Returned 200 in 9 ms
 HTTP  29/05/2026 09:08:15 ::1 GET /_next/static/chunks/0d3shmwh5_nmn.js
 HTTP  29/05/2026 09:08:15 ::1 Returned 200 in 7 ms
 HTTP  29/05/2026 09:08:15 ::1 Returned 200 in 8 ms
 HTTP  29/05/2026 09:08:15 ::1 GET /_next/static/chunks/08mxhjx7gpz-n.js
 HTTP  29/05/2026 09:08:15 ::1 Returned 200 in 7 ms
 HTTP  29/05/2026 09:08:15 ::1 GET /_next/static/chunks/0d-pake4~jul3.js
 HTTP  29/05/2026 09:08:15 ::1 Returned 200 in 4 ms
 HTTP  29/05/2026 09:08:16 ::1 GET /logo.png
 HTTP  29/05/2026 09:08:16 ::1 Returned 304 in 2 ms
 HTTP  29/05/2026 09:08:16 ::1 GET /favicon.ico?favicon.0x3dzn~oxb6tn.ico
 HTTP  29/05/2026 09:08:16 ::1 Returned 200 in 4 ms
 HTTP  29/05/2026 09:08:16 ::1 HEAD /settings/
 HTTP  29/05/2026 09:08:16 ::1 HEAD /messages/
 HTTP  29/05/2026 09:08:16 ::1 HEAD /notifications/
 HTTP  29/05/2026 09:08:16 ::1 HEAD /explore/
 HTTP  29/05/2026 09:08:16 ::1 Returned 200 in 7 ms
 HTTP  29/05/2026 09:08:16 ::1 Returned 200 in 8 ms
 HTTP  29/05/2026 09:08:16 ::1 Returned 200 in 6 ms
 HTTP  29/05/2026 09:08:16 ::1 Returned 200 in 7 ms
 HTTP  29/05/2026 09:08:16 ::1 GET /settings/__next._tree.txt?_rsc=HtJZfaS72l2LYOU4
 HTTP  29/05/2026 09:08:16 ::1 GET /messages/__next._tree.txt?_rsc=HtJZfaS72l2LYOU4
 HTTP  29/05/2026 09:08:16 ::1 GET /notifications/__next._tree.txt?_rsc=HtJZfaS72l2LYOU4
 HTTP  29/05/2026 09:08:16 ::1 GET /explore/__next._tree.txt?_rsc=HtJZfaS72l2LYOU4
 HTTP  29/05/2026 09:08:16 ::1 Returned 200 in 7 ms
 HTTP  29/05/2026 09:08:16 ::1 Returned 200 in 6 ms
 HTTP  29/05/2026 09:08:16 ::1 Returned 200 in 5 ms
 HTTP  29/05/2026 09:08:16 ::1 Returned 200 in 5 ms
 HTTP  29/05/2026 09:08:16 ::1 GET /settings/__next._head.txt?_rsc=lRvsO34-ir1JPxWG
 HTTP  29/05/2026 09:08:16 ::1 GET /settings/__next._index.txt?_rsc=lpRBeKi2p8LVG_Tl
 HTTP  29/05/2026 09:08:16 ::1 GET /settings/__next.settings.txt?_rsc=inPrx42KFQK9Nk_J
 HTTP  29/05/2026 09:08:16 ::1 GET /settings/__next.settings.__PAGE__.txt?_rsc=nob_XKw8eV00q2MJ
 HTTP  29/05/2026 09:08:16 ::1 Returned 200 in 5 ms
 HTTP  29/05/2026 09:08:16 ::1 Returned 200 in 5 ms
 HTTP  29/05/2026 09:08:16 ::1 Returned 200 in 5 ms
 HTTP  29/05/2026 09:08:16 ::1 Returned 404 in 7 ms
 HTTP  29/05/2026 09:08:16 ::1 GET /messages/__next._head.txt?_rsc=lRvsO34-ir1JPxWG
 HTTP  29/05/2026 09:08:16 ::1 Returned 200 in 4 ms
 HTTP  29/05/2026 09:08:16 ::1 GET /messages/__next.messages.txt?_rsc=utlfIbvEOys8cTfq
 HTTP  29/05/2026 09:08:16 ::1 Returned 200 in 3 ms
 HTTP  29/05/2026 09:08:16 ::1 GET /messages/__next.messages.__PAGE__.txt?_rsc=KEZay2udyDu9KoyW
 HTTP  29/05/2026 09:08:16 ::1 GET /notifications/__next._head.txt?_rsc=lRvsO34-ir1JPxWG
 HTTP  29/05/2026 09:08:16 ::1 Returned 200 in 5 ms
 HTTP  29/05/2026 09:08:16 ::1 Returned 404 in 7 ms
 HTTP  29/05/2026 09:09:28 ::1 GET /feed/?v=4
 HTTP  29/05/2026 09:09:28 ::1 Returned 200 in 9 ms
 HTTP  29/05/2026 09:09:28 ::1 GET /_next/static/media/70bc3e132a0a741e-s.p.1409xf.ylxg8g.woff2
 HTTP  29/05/2026 09:09:28 ::1 GET /_next/static/media/83afe278b6a6bb3c-s.p.0q-301v4kxxnr.woff2
 HTTP  29/05/2026 09:09:28 ::1 GET /_next/static/chunks/0cbe4gpdixrcd.css
 HTTP  29/05/2026 09:09:28 ::1 GET /logo.png
 HTTP  29/05/2026 09:09:28 ::1 GET /_next/static/chunks/045g~0~zva_mv.js
 HTTP  29/05/2026 09:09:28 ::1 GET /_next/static/chunks/0dgq26a5_oy.a.js
 HTTP  29/05/2026 09:09:28 ::1 Returned 200 in 20 ms
 HTTP  29/05/2026 09:09:28 ::1 Returned 200 in 47 ms
 HTTP  29/05/2026 09:09:28 ::1 Returned 200 in 41 ms
 HTTP  29/05/2026 09:09:28 ::1 Returned 200 in 35 ms
 HTTP  29/05/2026 09:09:28 ::1 Returned 200 in 20 ms
 HTTP  29/05/2026 09:09:28 ::1 Returned 200 in 18 ms
 HTTP  29/05/2026 09:09:28 ::1 GET /_next/static/chunks/0njj.aq0r8e06.js
 HTTP  29/05/2026 09:09:28 ::1 GET /_next/static/chunks/10u3y4bw1ayzs.js
 HTTP  29/05/2026 09:09:28 ::1 Returned 200 in 16 ms
 HTTP  29/05/2026 09:09:28 ::1 GET /_next/static/chunks/turbopack-07f-ebtj4v-88.js
 HTTP  29/05/2026 09:09:28 ::1 GET /_next/static/chunks/01xlw8hd842-c.js
 HTTP  29/05/2026 09:09:28 ::1 GET /_next/static/chunks/0d3shmwh5_nmn.js
 HTTP  29/05/2026 09:09:28 ::1 Returned 200 in 20 ms
 HTTP  29/05/2026 09:09:28 ::1 Returned 200 in 12 ms
 HTTP  29/05/2026 09:09:28 ::1 Returned 200 in 11 ms
 HTTP  29/05/2026 09:09:28 ::1 Returned 200 in 13 ms
 HTTP  29/05/2026 09:09:28 ::1 GET /_next/static/chunks/07hy-~w-flap-.js
 HTTP  29/05/2026 09:09:28 ::1 Returned 200 in 4 ms
 HTTP  29/05/2026 09:09:28 ::1 GET /_next/static/chunks/0d-pake4~jul3.js
 HTTP  29/05/2026 09:09:28 ::1 Returned 200 in 5 ms
 HTTP  29/05/2026 09:09:28 ::1 GET /logo.png
 HTTP  29/05/2026 09:09:28 ::1 Returned 304 in 2 ms
 HTTP  29/05/2026 09:09:28 ::1 GET /favicon.ico?favicon.0x3dzn~oxb6tn.ico
 HTTP  29/05/2026 09:09:28 ::1 Returned 200 in 3 ms
 HTTP  29/05/2026 09:09:28 ::1 HEAD /settings/
 HTTP  29/05/2026 09:09:28 ::1 HEAD /messages/
 HTTP  29/05/2026 09:09:28 ::1 HEAD /notifications/
 HTTP  29/05/2026 09:09:28 ::1 HEAD /explore/
 HTTP  29/05/2026 09:09:28 ::1 Returned 200 in 8 ms
 HTTP  29/05/2026 09:09:28 ::1 Returned 200 in 6 ms
 HTTP  29/05/2026 09:09:28 ::1 Returned 200 in 6 ms
 HTTP  29/05/2026 09:09:28 ::1 Returned 200 in 5 ms
 HTTP  29/05/2026 09:09:28 ::1 GET /settings/__next._tree.txt?_rsc=HtJZfaS72l2LYOU4
 HTTP  29/05/2026 09:09:28 ::1 Returned 200 in 2 ms
 HTTP  29/05/2026 09:09:28 ::1 GET /messages/__next._tree.txt?_rsc=HtJZfaS72l2LYOU4
 HTTP  29/05/2026 09:09:28 ::1 GET /notifications/__next._tree.txt?_rsc=HtJZfaS72l2LYOU4
 HTTP  29/05/2026 09:09:28 ::1 GET /explore/__next._tree.txt?_rsc=HtJZfaS72l2LYOU4
 HTTP  29/05/2026 09:09:28 ::1 Returned 200 in 4 ms
 HTTP  29/05/2026 09:09:28 ::1 Returned 200 in 5 ms
 HTTP  29/05/2026 09:09:28 ::1 Returned 200 in 5 ms
 HTTP  29/05/2026 09:09:28 ::1 GET /settings/__next._head.txt?_rsc=lRvsO34-ir1JPxWG
 HTTP  29/05/2026 09:09:28 ::1 GET /settings/__next._index.txt?_rsc=lpRBeKi2p8LVG_Tl
 HTTP  29/05/2026 09:09:28 ::1 GET /settings/__next.settings.txt?_rsc=inPrx42KFQK9Nk_J
 HTTP  29/05/2026 09:09:28 ::1 Returned 200 in 10 ms
 HTTP  29/05/2026 09:09:28 ::1 Returned 200 in 8 ms
 HTTP  29/05/2026 09:09:28 ::1 Returned 200 in 7 ms
 HTTP  29/05/2026 09:09:44 ::1 GET /feed/?v=5
 HTTP  29/05/2026 09:09:44 ::1 Returned 200 in 2 ms
 HTTP  29/05/2026 09:09:44 ::1 GET /_next/static/media/70bc3e132a0a741e-s.p.1409xf.ylxg8g.woff2
 HTTP  29/05/2026 09:09:44 ::1 Returned 304 in 2 ms
 HTTP  29/05/2026 09:09:44 ::1 GET /_next/static/media/83afe278b6a6bb3c-s.p.0q-301v4kxxnr.woff2
 HTTP  29/05/2026 09:09:44 ::1 GET /_next/static/chunks/0cbe4gpdixrcd.css
 HTTP  29/05/2026 09:09:44 ::1 Returned 304 in 8 ms
 HTTP  29/05/2026 09:09:44 ::1 Returned 200 in 5 ms
 HTTP  29/05/2026 09:09:45 ::1 GET /logo.png
 HTTP  29/05/2026 09:09:45 ::1 GET /_next/static/chunks/045g~0~zva_mv.js
 HTTP  29/05/2026 09:09:45 ::1 Returned 304 in 4 ms
 HTTP  29/05/2026 09:09:45 ::1 Returned 304 in 13 ms
 HTTP  29/05/2026 09:09:45 ::1 GET /_next/static/chunks/0dgq26a5_oy.a.js
 HTTP  29/05/2026 09:09:45 ::1 GET /_next/static/chunks/0njj.aq0r8e06.js
 HTTP  29/05/2026 09:09:45 ::1 GET /_next/static/chunks/10u3y4bw1ayzs.js
 HTTP  29/05/2026 09:09:45 ::1 GET /_next/static/chunks/turbopack-07f-ebtj4v-88.js
 HTTP  29/05/2026 09:09:45 ::1 Returned 304 in 7 ms
 HTTP  29/05/2026 09:09:45 ::1 Returned 304 in 7 ms
 HTTP  29/05/2026 09:09:45 ::1 Returned 304 in 7 ms
 HTTP  29/05/2026 09:09:45 ::1 GET /_next/static/chunks/01xlw8hd842-c.js
 HTTP  29/05/2026 09:09:45 ::1 Returned 304 in 9 ms
 HTTP  29/05/2026 09:09:45 ::1 Returned 304 in 7 ms
 HTTP  29/05/2026 09:09:45 ::1 GET /_next/static/chunks/0d3shmwh5_nmn.js
 HTTP  29/05/2026 09:09:45 ::1 GET /_next/static/chunks/07hy-~w-flap-.js
 HTTP  29/05/2026 09:09:45 ::1 GET /_next/static/chunks/0d-pake4~jul3.js
 HTTP  29/05/2026 09:09:45 ::1 Returned 304 in 10 ms
 HTTP  29/05/2026 09:09:45 ::1 Returned 200 in 9 ms
 HTTP  29/05/2026 09:09:45 ::1 Returned 200 in 7 ms
 HTTP  29/05/2026 09:09:45 ::1 HEAD /explore/
 HTTP  29/05/2026 09:09:45 ::1 HEAD /settings/
 HTTP  29/05/2026 09:09:45 ::1 HEAD /messages/
 HTTP  29/05/2026 09:09:45 ::1 HEAD /notifications/
 HTTP  29/05/2026 09:09:45 ::1 Returned 200 in 6 ms
 HTTP  29/05/2026 09:09:45 ::1 Returned 200 in 4 ms
 HTTP  29/05/2026 09:09:45 ::1 Returned 200 in 4 ms
 HTTP  29/05/2026 09:09:45 ::1 Returned 200 in 4 ms
 HTTP  29/05/2026 09:09:45 ::1 GET /explore/__next._tree.txt?_rsc=HtJZfaS72l2LYOU4
 HTTP  29/05/2026 09:09:45 ::1 GET /settings/__next._tree.txt?_rsc=HtJZfaS72l2LYOU4
 HTTP  29/05/2026 09:09:45 ::1 GET /messages/__next._tree.txt?_rsc=HtJZfaS72l2LYOU4
 HTTP  29/05/2026 09:09:45 ::1 GET /notifications/__next._tree.txt?_rsc=HtJZfaS72l2LYOU4
 HTTP  29/05/2026 09:09:45 ::1 Returned 200 in 5 ms
 HTTP  29/05/2026 09:09:45 ::1 Returned 200 in 3 ms
 HTTP  29/05/2026 09:09:45 ::1 Returned 200 in 3 ms
 HTTP  29/05/2026 09:09:45 ::1 Returned 200 in 2 ms
 HTTP  29/05/2026 09:09:45 ::1 HEAD /
 HTTP  29/05/2026 09:09:45 ::1 Returned 200 in 2 ms
 HTTP  29/05/2026 09:09:45 ::1 GET /explore/__next._head.txt?_rsc=lRvsO34-ir1JPxWG
 HTTP  29/05/2026 09:09:45 ::1 GET /explore/__next._index.txt?_rsc=lpRBeKi2p8LVG_Tl
 HTTP  29/05/2026 09:09:45 ::1 GET /explore/__next.explore.txt?_rsc=wpesesTW3acplNsA
 HTTP  29/05/2026 09:09:45 ::1 Returned 200 in 6 ms
 HTTP  29/05/2026 09:09:45 ::1 Returned 200 in 6 ms
 HTTP  29/05/2026 09:09:45 ::1 Returned 200 in 5 ms
 HTTP  29/05/2026 09:09:45 ::1 GET /__next._tree.txt?_rsc=HtJZfaS72l2LYOU4
 HTTP  29/05/2026 09:09:45 ::1 Returned 200 in 2 ms
 HTTP  29/05/2026 09:09:45 ::1 GET /explore/__next.explore.__PAGE__.txt?_rsc=fZiDm5o8jPa9_CDf
 HTTP  29/05/2026 09:09:45 ::1 Returned 404 in 2 ms
 HTTP  29/05/2026 09:09:45 ::1 GET /settings/__next._head.txt?_rsc=lRvsO34-ir1JPxWG
 HTTP  29/05/2026 09:09:45 ::1 GET /settings/__next.settings.txt?_rsc=inPrx42KFQK9Nk_J
 HTTP  29/05/2026 09:09:45 ::1 Returned 200 in 2 ms
 HTTP  29/05/2026 09:09:45 ::1 Returned 200 in 2 ms
 HTTP  29/05/2026 09:09:45 ::1 GET /settings/__next.settings.__PAGE__.txt?_rsc=nob_XKw8eV00q2MJ
 HTTP  29/05/2026 09:09:45 ::1 GET /messages/__next._head.txt?_rsc=lRvsO34-ir1JPxWG
 HTTP  29/05/2026 09:09:45 ::1 Returned 200 in 4 ms
 HTTP  29/05/2026 09:09:45 ::1 Returned 404 in 6 ms
 HTTP  29/05/2026 09:09:45 ::1 GET /messages/__next.messages.txt?_rsc=utlfIbvEOys8cTfq
 HTTP  29/05/2026 09:09:45 ::1 GET /messages/__next.messages.__PAGE__.txt?_rsc=KEZay2udyDu9KoyW
 HTTP  29/05/2026 09:09:45 ::1 Returned 200 in 5 ms
 HTTP  29/05/2026 09:09:45 ::1 Returned 404 in 3 ms
 HTTP  29/05/2026 09:09:45 ::1 GET /notifications/__next._head.txt?_rsc=lRvsO34-ir1JPxWG
 HTTP  29/05/2026 09:09:45 ::1 GET /notifications/__next.notifications.txt?_rsc=AwxITcdwGjlx-xVz
 HTTP  29/05/2026 09:09:45 ::1 Returned 200 in 3 ms
 HTTP  29/05/2026 09:09:45 ::1 Returned 200 in 3 ms
 HTTP  29/05/2026 09:09:45 ::1 GET /notifications/__next.notifications.__PAGE__.txt?_rsc=gOEi4OMKTkUYauWN
 HTTP  29/05/2026 09:09:45 ::1 GET /feed/__next._head.txt?v=5&_rsc=lRvsO34-ir1JPxWG
 HTTP  29/05/2026 09:09:45 ::1 Returned 200 in 2 ms
 HTTP  29/05/2026 09:09:45 ::1 Returned 404 in 4 ms
 HTTP  29/05/2026 09:09:45 ::1 GET /feed/__next.feed.txt?v=5&_rsc=4q6IIuGrV4EyZNfP
 HTTP  29/05/2026 09:09:45 ::1 Returned 200 in 3 ms
 HTTP  29/05/2026 09:09:45 ::1 GET /feed/__next.feed.__PAGE__.txt?v=5&_rsc=mq8Qexo8__kC0yYy
 HTTP  29/05/2026 09:09:45 ::1 Returned 404 in 5 ms
 HTTP  29/05/2026 09:09:46 ::1 GET /__next._head.txt?_rsc=lRvsO34-ir1JPxWG
 HTTP  29/05/2026 09:09:46 ::1 Returned 200 in 2 ms
 HTTP  29/05/2026 09:09:46 ::1 GET /__next.__PAGE__.txt?_rsc=U3VpbA1haz5ydo8L
 HTTP  29/05/2026 09:09:46 ::1 Returned 200 in 3 ms
 HTTP  29/05/2026 09:09:46 ::1 GET /_next/static/chunks/10in5aw-kpnw5.js
 HTTP  29/05/2026 09:09:46 ::1 Returned 304 in 3 ms
